[     183ms] [LOG] [Fast Refresh] rebuilding @ http://localhost:3000/_next/static/chunks/node_modules_next_dist_115brz8._.js:2431
[     369ms] [LOG] [Fast Refresh] done in 302ms @ http://localhost:3000/_next/static/chunks/node_modules_next_dist_115brz8._.js:2431
[    1040ms] [INFO] %cDownload the React DevTools for a better development experience: https://react.dev/link/react-devtools font-weight:bold @ http://localhost:3000/_next/static/chunks/node_modules_next_dist_115brz8._.js:2431
[    1183ms] [LOG] [HMR] connected @ http://localhost:3000/_next/static/chunks/node_modules_next_dist_115brz8._.js:2431
[    1642ms] [ERROR] A tree hydrated but some attributes of the server rendered HTML didn't match the client properties. This won't be patched up. This can happen if a SSR-ed Client Component used:

- A server/client branch `if (typeof window !== 'undefined')`.
- Variable input such as `Date.now()` or `Math.random()` which changes each time it's called.
- Date formatting in a user's locale which doesn't match the server.
- External changing data without sending a snapshot of it along with the HTML.
- Invalid HTML tag nesting.

It can also happen if the client has a browser extension installed which messes with the HTML before React loaded.

%s%s https://react.dev/link/hydration-mismatch 

  ...
    <TooltipProvider data-slot="tooltip-pr..." delayDuration={0}>
      <TooltipProviderProvider scope={undefined} isOpenDelayedRef={{current:true}} delayDuration={0} ...>
        <SidebarProvider style={{...}}>
          <div data-slot="sidebar-wr..." style={{...}} className="group/side...">
            <div className="hub-shell">
              <AppSidebar>
              <SidebarInset className="hub-inset">
                <main data-slot="sidebar-inset" className="relative f...">
                  <DashboardHeader>
                  <main className="hub-main">
                    <SupportClient firstName="Sam">
                      <div className="hub-page h...">
                        <div>
                        <div className="hub-suppor...">
                          <AssistantWidget onEscalate={function escalateFromBot}>
                            <section className="hub-assist..." aria-label="Hub assistant">
                              <header>
                              <div>
                              <div className="hub-chat-c...">
                                <form onSubmit={function onSubmit}>
                                  <input
                                    ref={{current:null}}
                                    aria-label="Message the Hub assistant"
                                    placeholder="What can I help you with?"
                                    value=""
                                    onChange={function onChange}
                                    maxLength={1000}
                                    disabled={true}
-                                   style={{caret-color:"transparent"}}
                                  >
                                  ...
                                ...
                          ...
                        <section id="support-form" className="hub-suppor...">
                          <div>
                          <form onSubmit={function onSubmit}>
                            <fieldset disabled={false}>
                              <legend>
                              <div className="hub-topic-...">
                                <label data-active={false}>
                                  <input
                                    type="radio"
                                    name="topic"
                                    value="Booking Issue"
                                    checked={false}
                                    onChange={function onChange}
                                    required={true}
-                                   style={{caret-color:"transparent"}}
                                  >
                                  ...
                                <label data-active={false}>
                                  <input
                                    type="radio"
                                    name="topic"
                                    value={"Payments & Refunds"}
                                    checked={false}
                                    onChange={function onChange}
                                    required={true}
-                                   style={{caret-color:"transparent"}}
                                  >
                                  ...
                                <label data-active={false}>
                                  <input
                                    type="radio"
                                    name="topic"
                                    value="Induction"
                                    checked={false}
                                    onChange={function onChange}
                                    required={true}
-                                   style={{caret-color:"transparent"}}
                                  >
                                  ...
                                <label data-active={false}>
                                  <input
                                    type="radio"
                                    name="topic"
                                    value="Access Pass"
                                    checked={false}
                                    onChange={function onChange}
                                    required={true}
-                                   style={{caret-color:"transparent"}}
                                  >
                                  ...
                                <label data-active={false}>
                                  <input
                                    type="radio"
                                    name="topic"
                                    value="General Enquiry"
                                    checked={false}
                                    onChange={function onChange}
                                    required={true}
-                                   style={{caret-color:"transparent"}}
                                  >
                                  ...
                              <label>
                              <textarea
                                id="support-message"
                                ref={{current:null}}
                                value=""
                                onChange={function onChange}
                                placeholder="A few details will help us help you…"
                                required={true}
                                minLength={10}
                                maxLength={2000}
                                rows={4}
                                aria-describedby="support-message-hint"
-                               style={{caret-color:"transparent"}}
                              >
                              ...
 @ http://localhost:3000/_next/static/chunks/node_modules_next_dist_115brz8._.js:3272
[    1705ms] [WARNING] Image with src "/images/inspire9Logo.png" has either width or height modified, but not the other. If you use CSS to change the size of your image, also include the styles 'width: "auto"' or 'height: "auto"' to maintain the aspect ratio. @ http://localhost:3000/_next/static/chunks/node_modules_next_dist_115brz8._.js:2431
[    1845ms] [LOG] [Fast Refresh] rebuilding @ http://localhost:3000/_next/static/chunks/node_modules_next_dist_115brz8._.js:2431
[    1846ms] [LOG] [Fast Refresh] done in 109ms @ http://localhost:3000/_next/static/chunks/node_modules_next_dist_115brz8._.js:2431
[  158361ms] [LOG] [Fast Refresh] rebuilding @ http://localhost:3000/_next/static/chunks/node_modules_next_dist_115brz8._.js:2431
[  158378ms] [LOG] [Fast Refresh] done in 108ms @ http://localhost:3000/_next/static/chunks/node_modules_next_dist_115brz8._.js:2431
[  158911ms] [LOG] [Fast Refresh] rebuilding @ http://localhost:3000/_next/static/chunks/node_modules_next_dist_115brz8._.js:2431
[  158938ms] [LOG] [Fast Refresh] done in 61ms @ http://localhost:3000/_next/static/chunks/node_modules_next_dist_115brz8._.js:2431
[  159517ms] [LOG] [Fast Refresh] rebuilding @ http://localhost:3000/_next/static/chunks/node_modules_next_dist_115brz8._.js:2431
